{"level":"info","message":"Server running on port 5000","timestamp":"2026-09-07T19:57:40.900Z"}
{"level":"info","message":"Environment: development","timestamp":"2026-09-07T19:57:40.904Z"}
{"level":"info","message":"Health: http://localhost:5000/health","timestamp":"2026-09-07T19:57:40.905Z"}
{"level":"info","message":"Rate limiting + throttling ACTIVE","timestamp":"2026-09-07T19:57:40.905Z"}
{"level":"info","message":"Helmet security headers ACTIVE","timestamp":"2026-09-07T19:57:40.906Z"}
{"level":"info","message":"Swagger REMOVED - API surface hidden","timestamp":"2026-09-07T19:57:40.907Z"}
{"level":"info","message":"MNZ SYSTEM FULLY OPERATIONAL — AUTHORITY ENGAGED","timestamp":"2026-09-07T19:57:40.907Z"}
{"level":"info","message":"Mongoose connected to DB","timestamp":"2026-09-07T19:57:40.981Z"}
{"level":"info","message":"MongoDB connected successfully","timestamp":"2026-09-07T19:57:40.988Z"}
{"level":"info","message":"Starting compression for: test.pdf","timestamp":"2026-09-07T19:58:06.417Z"}
{"level":"info","message":"Executing Ghostscript command for: test.pdf","timestamp":"2026-09-07T19:58:06.418Z"}
{"level":"info","message":"Cleaned up temporary files for: test.pdf","timestamp":"2026-09-07T19:58:06.837Z"}
{"level":"info","message":"Starting merge for files: test.pdf, test2.pdf","timestamp":"2026-09-07T19:58:07.184Z"}
{"level":"info","message":"Merging 2 PDFs","timestamp":"2026-09-07T19:58:07.185Z"}
{"level":"info","message":"Cleaned up merged files: merged_1788811087184.pdf","timestamp":"2026-09-07T19:58:07.331Z"}
{"level":"info","message":"Starting PDF split for: test.pdf","ranges":"1-2","splitMode":"custom","timestamp":"2026-09-07T19:58:07.348Z"}
{"level":"info","message":"Successfully sent split PDF zip for: test.pdf","timestamp":"2026-09-07T19:58:07.418Z"}
{"level":"info","message":"Cleaned up file: /home/xettry/Desktop/Abiskar/temp/uploads/pdfFile-1788811087346-436678658.pdf","timestamp":"2026-09-07T19:58:07.419Z"}
{"level":"info","message":"Cleaned up file: /home/xettry/Desktop/Abiskar/Server/temp/processing/split/test_split.zip","timestamp":"2026-09-07T19:58:07.419Z"}
{"level":"info","message":"Cleaned up file: /home/xettry/Desktop/Abiskar/Server/temp/processing/split/test_1-2.pdf","timestamp":"2026-09-07T19:58:07.419Z"}
{"level":"info","message":"Cleaned up photo to PDF temporary files","timestamp":"2026-09-07T19:58:07.701Z"}
{"level":"info","message":"Server running on port 5000","timestamp":"2026-09-07T20:09:44.521Z"}
{"level":"info","message":"Environment: development","timestamp":"2026-09-07T20:09:44.525Z"}
{"level":"info","message":"Health: http://localhost:5000/health","timestamp":"2026-09-07T20:09:44.526Z"}
{"level":"info","message":"Rate limiting + throttling ACTIVE","timestamp":"2026-09-07T20:09:44.526Z"}
{"level":"info","message":"Helmet security headers ACTIVE","timestamp":"2026-09-07T20:09:44.526Z"}
{"level":"info","message":"Swagger REMOVED - API surface hidden","timestamp":"2026-09-07T20:09:44.527Z"}
{"level":"info","message":"MNZ SYSTEM FULLY OPERATIONAL — AUTHORITY ENGAGED","timestamp":"2026-09-07T20:09:44.527Z"}
{"level":"info","message":"Mongoose connected to DB","timestamp":"2026-09-07T20:09:44.604Z"}
{"level":"info","message":"MongoDB connected successfully","timestamp":"2026-09-07T20:09:44.618Z"}
{"level":"info","message":"Server running on port 5000","timestamp":"2026-09-07T20:13:42.270Z"}
{"level":"info","message":"Environment: development","timestamp":"2026-09-07T20:13:42.285Z"}
{"level":"info","message":"Health: http://localhost:5000/health","timestamp":"2026-09-07T20:13:42.286Z"}
{"level":"info","message":"Rate limiting + throttling ACTIVE","timestamp":"2026-09-07T20:13:42.289Z"}
{"level":"info","message":"Helmet security headers ACTIVE","timestamp":"2026-09-07T20:13:42.289Z"}
{"level":"info","message":"Swagger REMOVED - API surface hidden","timestamp":"2026-09-07T20:13:42.290Z"}
{"level":"info","message":"MNZ SYSTEM FULLY OPERATIONAL — AUTHORITY ENGAGED","timestamp":"2026-09-07T20:13:42.291Z"}
{"level":"info","message":"Mongoose connected to DB","timestamp":"2026-09-07T20:13:42.445Z"}
{"level":"info","message":"MongoDB connected successfully","timestamp":"2026-09-07T20:13:42.528Z"}
{"level":"info","message":"Starting compression for: test.pdf","timestamp":"2026-09-07T20:15:26.832Z"}
{"level":"info","message":"Executing Ghostscript command for: test.pdf","timestamp":"2026-09-07T20:15:26.833Z"}
{"level":"info","message":"Cleaned up temporary files for: test.pdf","timestamp":"2026-09-07T20:15:27.492Z"}
{"level":"info","message":"Server running on port 5000","timestamp":"2026-09-07T20:20:56.947Z"}
{"level":"info","message":"Environment: development","timestamp":"2026-09-07T20:20:56.950Z"}
{"level":"info","message":"Health: http://localhost:5000/health","timestamp":"2026-09-07T20:20:56.951Z"}
{"level":"info","message":"Rate limiting + throttling ACTIVE","timestamp":"2026-09-07T20:20:56.951Z"}
{"level":"info","message":"Helmet security headers ACTIVE","timestamp":"2026-09-07T20:20:56.952Z"}
{"level":"info","message":"Swagger REMOVED - API surface hidden","timestamp":"2026-09-07T20:20:56.952Z"}
{"level":"info","message":"MNZ SYSTEM FULLY OPERATIONAL — AUTHORITY ENGAGED","timestamp":"2026-09-07T20:20:56.953Z"}
{"level":"info","message":"Mongoose connected to DB","timestamp":"2026-09-07T20:20:56.991Z"}
{"level":"info","message":"MongoDB connected successfully","timestamp":"2026-09-07T20:20:57.008Z"}
{"level":"info","message":"Server running on port 5000","timestamp":"2026-09-07T20:21:00.471Z"}
{"level":"info","message":"Environment: development","timestamp":"2026-09-07T20:21:00.475Z"}
{"level":"info","message":"Health: http://localhost:5000/health","timestamp":"2026-09-07T20:21:00.475Z"}
{"level":"info","message":"Rate limiting + throttling ACTIVE","timestamp":"2026-09-07T20:21:00.475Z"}
{"level":"info","message":"Helmet security headers ACTIVE","timestamp":"2026-09-07T20:21:00.476Z"}
{"level":"info","message":"Swagger REMOVED - API surface hidden","timestamp":"2026-09-07T20:21:00.476Z"}
{"level":"info","message":"MNZ SYSTEM FULLY OPERATIONAL — AUTHORITY ENGAGED","timestamp":"2026-09-07T20:21:00.477Z"}
{"level":"info","message":"Mongoose connected to DB","timestamp":"2026-09-07T20:21:00.515Z"}
{"level":"info","message":"MongoDB connected successfully","timestamp":"2026-09-07T20:21:00.533Z"}
{"level":"info","message":"Starting compression for: test.pdf","timestamp":"2026-09-07T20:22:56.111Z"}
{"level":"info","message":"Executing Ghostscript command for: test.pdf","timestamp":"2026-09-07T20:22:56.112Z"}
{"level":"info","message":"Cleaned up temporary files for: test.pdf","timestamp":"2026-09-07T20:22:56.499Z"}
{"level":"info","message":"Starting compression for: test.pdf","timestamp":"2026-09-07T20:22:56.556Z"}
{"level":"info","message":"Executing Ghostscript command for: test.pdf","timestamp":"2026-09-07T20:22:56.557Z"}
{"level":"info","message":"Cleaned up temporary files for: test.pdf","timestamp":"2026-09-07T20:22:56.753Z"}
{"level":"info","message":"Starting merge for files: test.pdf, test2.pdf","timestamp":"2026-09-07T20:22:56.807Z"}
{"level":"info","message":"Merging 2 PDFs","timestamp":"2026-09-07T20:22:56.810Z"}
{"level":"info","message":"Cleaned up merged files: merged_1788812576807.pdf","timestamp":"2026-09-07T20:22:57.100Z"}
{"level":"info","message":"Starting PDF split for: test.pdf","ranges":"1","splitMode":"custom","timestamp":"2026-09-07T20:22:57.181Z"}
{"level":"info","message":"Successfully sent split PDF zip for: test.pdf","timestamp":"2026-09-07T20:22:57.423Z"}
{"level":"info","message":"Cleaned up file: /home/xettry/Desktop/Abiskar/temp/uploads/pdfFile-1788812577174-374609121.pdf","timestamp":"2026-09-07T20:22:57.425Z"}
{"level":"info","message":"Cleaned up file: /home/xettry/Desktop/Abiskar/Server/temp/processing/split/test_split.zip","timestamp":"2026-09-07T20:22:57.427Z"}
{"level":"info","message":"Cleaned up file: /home/xettry/Desktop/Abiskar/Server/temp/processing/split/test_1.pdf","timestamp":"2026-09-07T20:22:57.430Z"}
{"level":"info","message":"Starting PDF split for: test.pdf","ranges":"all pages","splitMode":"all","timestamp":"2026-09-07T20:22:57.512Z"}
{"level":"info","message":"Successfully sent split PDF zip for: test.pdf","timestamp":"2026-09-07T20:22:57.601Z"}
{"level":"info","message":"Cleaned up file: /home/xettry/Desktop/Abiskar/temp/uploads/pdfFile-1788812577509-403461805.pdf","timestamp":"2026-09-07T20:22:57.602Z"}
{"level":"info","message":"Cleaned up file: /home/xettry/Desktop/Abiskar/Server/temp/processing/split/test_split.zip","timestamp":"2026-09-07T20:22:57.603Z"}
{"level":"info","message":"Cleaned up file: /home/xettry/Desktop/Abiskar/Server/temp/processing/split/test_1.pdf","timestamp":"2026-09-07T20:22:57.604Z"}
{"level":"info","message":"Cleaned up file: /home/xettry/Desktop/Abiskar/Server/temp/processing/split/test_2.pdf","timestamp":"2026-09-07T20:22:57.605Z"}
{"level":"info","message":"Cleaned up file: /home/xettry/Desktop/Abiskar/Server/temp/processing/split/test_3.pdf","timestamp":"2026-09-07T20:22:57.605Z"}
{"level":"info","message":"Cleaned up photo to PDF temporary files","timestamp":"2026-09-07T20:22:58.136Z"}
{"level":"info","message":"Server running on port 5000","timestamp":"2026-09-07T20:24:05.810Z"}
{"level":"info","message":"Environment: development","timestamp":"2026-09-07T20:24:05.818Z"}
{"level":"info","message":"Health: http://localhost:5000/health","timestamp":"2026-09-07T20:24:05.819Z"}
{"level":"info","message":"Rate limiting + throttling ACTIVE","timestamp":"2026-09-07T20:24:05.823Z"}
{"level":"info","message":"Helmet security headers ACTIVE","timestamp":"2026-09-07T20:24:05.828Z"}
{"level":"info","message":"Swagger REMOVED - API surface hidden","timestamp":"2026-09-07T20:24:05.829Z"}
{"level":"info","message":"MNZ SYSTEM FULLY OPERATIONAL — AUTHORITY ENGAGED","timestamp":"2026-09-07T20:24:05.829Z"}
{"level":"info","message":"Mongoose connected to DB","timestamp":"2026-09-07T20:24:05.870Z"}
{"level":"info","message":"MongoDB connected successfully","timestamp":"2026-09-07T20:24:05.888Z"}
{"level":"info","message":"Server running on port 5000","timestamp":"2026-09-07T20:24:31.309Z"}
{"level":"info","message":"Environment: development","timestamp":"2026-09-07T20:24:31.317Z"}
{"level":"info","message":"Health: http://localhost:5000/health","timestamp":"2026-09-07T20:24:31.318Z"}
{"level":"info","message":"Rate limiting + throttling ACTIVE","timestamp":"2026-09-07T20:24:31.319Z"}
{"level":"info","message":"Helmet security headers ACTIVE","timestamp":"2026-09-07T20:24:31.319Z"}
{"level":"info","message":"Swagger REMOVED - API surface hidden","timestamp":"2026-09-07T20:24:31.319Z"}
{"level":"info","message":"MNZ SYSTEM FULLY OPERATIONAL — AUTHORITY ENGAGED","timestamp":"2026-09-07T20:24:31.320Z"}
{"level":"info","message":"Mongoose connected to DB","timestamp":"2026-09-07T20:24:31.370Z"}
{"level":"info","message":"MongoDB connected successfully","timestamp":"2026-09-07T20:24:31.383Z"}
{"level":"info","message":"SIGTERM received. Shutting down...","timestamp":"2026-09-07T20:24:40.667Z"}
{"level":"info","message":"Server running on port 5000","timestamp":"2026-09-07T20:25:13.207Z"}
{"level":"info","message":"Environment: development","timestamp":"2026-09-07T20:25:13.213Z"}
{"level":"info","message":"Health: http://localhost:5000/health","timestamp":"2026-09-07T20:25:13.213Z"}
{"level":"info","message":"Rate limiting + throttling ACTIVE","timestamp":"2026-09-07T20:25:13.213Z"}
{"level":"info","message":"Helmet security headers ACTIVE","timestamp":"2026-09-07T20:25:13.214Z"}
{"level":"info","message":"Swagger REMOVED - API surface hidden","timestamp":"2026-09-07T20:25:13.214Z"}
{"level":"info","message":"MNZ SYSTEM FULLY OPERATIONAL — AUTHORITY ENGAGED","timestamp":"2026-09-07T20:25:13.214Z"}
{"level":"info","message":"Mongoose connected to DB","timestamp":"2026-09-07T20:25:13.249Z"}
{"level":"info","message":"MongoDB connected successfully","timestamp":"2026-09-07T20:25:13.261Z"}
{"level":"info","message":"Starting PDF split for: test.pdf","ranges":"1","splitMode":"custom","timestamp":"2026-09-07T20:25:30.901Z"}
{"level":"info","message":"Successfully sent split PDF zip for: test.pdf","timestamp":"2026-09-07T20:25:31.006Z"}
{"level":"info","message":"Cleaned up file: /home/xettry/Desktop/Abiskar/temp/uploads/pdfFile-1788812730897-732156967.pdf","timestamp":"2026-09-07T20:25:31.006Z"}
{"level":"info","message":"Cleaned up file: /home/xettry/Desktop/Abiskar/Server/temp/processing/split/job-1788812730901-878958670/test_split.zip","timestamp":"2026-09-07T20:25:31.007Z"}
{"level":"info","message":"Cleaned up file: /home/xettry/Desktop/Abiskar/Server/temp/processing/split/job-1788812730901-878958670/test_1.pdf","timestamp":"2026-09-07T20:25:31.007Z"}
{"level":"info","message":"Starting PDF split for: test.pdf","ranges":"1-2","splitMode":"custom","timestamp":"2026-09-07T20:25:31.054Z"}
{"level":"info","message":"Successfully sent split PDF zip for: test.pdf","timestamp":"2026-09-07T20:25:31.082Z"}
{"level":"info","message":"Cleaned up file: /home/xettry/Desktop/Abiskar/temp/uploads/pdfFile-1788812731051-192055991.pdf","timestamp":"2026-09-07T20:25:31.083Z"}
{"level":"info","message":"Cleaned up file: /home/xettry/Desktop/Abiskar/Server/temp/processing/split/job-1788812731054-7114389/test_split.zip","timestamp":"2026-09-07T20:25:31.083Z"}
{"level":"info","message":"Cleaned up file: /home/xettry/Desktop/Abiskar/Server/temp/processing/split/job-1788812731054-7114389/test_1-2.pdf","timestamp":"2026-09-07T20:25:31.084Z"}
{"level":"info","message":"Starting PDF split for: test.pdf","ranges":"all pages","splitMode":"all","timestamp":"2026-09-07T20:25:31.125Z"}
{"level":"info","message":"Successfully sent split PDF zip for: test.pdf","timestamp":"2026-09-07T20:25:31.176Z"}
{"level":"info","message":"Cleaned up file: /home/xettry/Desktop/Abiskar/temp/uploads/pdfFile-1788812731124-968626949.pdf","timestamp":"2026-09-07T20:25:31.176Z"}
{"level":"info","message":"Cleaned up file: /home/xettry/Desktop/Abiskar/Server/temp/processing/split/job-1788812731126-600359373/test_split.zip","timestamp":"2026-09-07T20:25:31.178Z"}
{"level":"info","message":"Cleaned up file: /home/xettry/Desktop/Abiskar/Server/temp/processing/split/job-1788812731126-600359373/test_1.pdf","timestamp":"2026-09-07T20:25:31.179Z"}
{"level":"info","message":"Cleaned up file: /home/xettry/Desktop/Abiskar/Server/temp/processing/split/job-1788812731126-600359373/test_2.pdf","timestamp":"2026-09-07T20:25:31.180Z"}
{"level":"info","message":"Cleaned up file: /home/xettry/Desktop/Abiskar/Server/temp/processing/split/job-1788812731126-600359373/test_3.pdf","timestamp":"2026-09-07T20:25:31.181Z"}
{"level":"info","message":"Starting PDF split for: test.pdf","ranges":"1","splitMode":"custom","timestamp":"2026-09-07T20:25:31.225Z"}
{"level":"info","message":"Starting PDF split for: test.pdf","ranges":"1-3","splitMode":"custom","timestamp":"2026-09-07T20:25:31.255Z"}
{"level":"info","message":"Successfully sent split PDF zip for: test.pdf","timestamp":"2026-09-07T20:25:31.274Z"}
{"level":"info","message":"Cleaned up file: /home/xettry/Desktop/Abiskar/temp/uploads/pdfFile-1788812731224-1699380.pdf","timestamp":"2026-09-07T20:25:31.275Z"}
{"level":"info","message":"Cleaned up file: /home/xettry/Desktop/Abiskar/Server/temp/processing/split/job-1788812731228-154633134/test_split.zip","timestamp":"2026-09-07T20:25:31.275Z"}
{"level":"info","message":"Cleaned up file: /home/xettry/Desktop/Abiskar/Server/temp/processing/split/job-1788812731228-154633134/test_1.pdf","timestamp":"2026-09-07T20:25:31.277Z"}
{"level":"info","message":"Successfully sent split PDF zip for: test.pdf","timestamp":"2026-09-07T20:25:31.280Z"}
{"level":"info","message":"Cleaned up file: /home/xettry/Desktop/Abiskar/temp/uploads/pdfFile-1788812731251-649143995.pdf","timestamp":"2026-09-07T20:25:31.282Z"}
{"level":"info","message":"Cleaned up file: /home/xettry/Desktop/Abiskar/Server/temp/processing/split/job-1788812731255-130101875/test_split.zip","timestamp":"2026-09-07T20:25:31.283Z"}
{"level":"info","message":"Cleaned up file: /home/xettry/Desktop/Abiskar/Server/temp/processing/split/job-1788812731255-130101875/test_1-2-3.pdf","timestamp":"2026-09-07T20:25:31.284Z"}
{"level":"info","message":"Starting PDF split for: test.pdf","ranges":"1","splitMode":"custom","timestamp":"2026-09-07T20:26:01.886Z"}
{"level":"info","message":"Successfully sent split PDF zip for: test.pdf","timestamp":"2026-09-07T20:26:01.907Z"}
{"level":"info","message":"Cleaned up file: /home/xettry/Desktop/Abiskar/temp/uploads/pdfFile-1788812761885-779837996.pdf","timestamp":"2026-09-07T20:26:01.907Z"}
{"level":"info","message":"Cleaned up file: /home/xettry/Desktop/Abiskar/Server/temp/processing/split/job-1788812761887-440371345/test_split.zip","timestamp":"2026-09-07T20:26:01.908Z"}
{"level":"info","message":"Cleaned up file: /home/xettry/Desktop/Abiskar/Server/temp/processing/split/job-1788812761887-440371345/test_1.pdf","timestamp":"2026-09-07T20:26:01.909Z"}
{"level":"info","message":"Starting PDF split for: test.pdf","ranges":"1","splitMode":"custom","timestamp":"2026-09-07T20:26:43.104Z"}
{"level":"info","message":"Successfully sent split PDF zip for: test.pdf","timestamp":"2026-09-07T20:26:43.119Z"}
{"level":"info","message":"Cleaned up file: /home/xettry/Desktop/Abiskar/temp/uploads/pdfFile-1788812803103-765615160.pdf","timestamp":"2026-09-07T20:26:43.119Z"}
{"level":"info","message":"Cleaned up file: /home/xettry/Desktop/Abiskar/Server/temp/processing/split/job-1788812803104-34881202/test_split.zip","timestamp":"2026-09-07T20:26:43.119Z"}
{"level":"info","message":"Cleaned up file: /home/xettry/Desktop/Abiskar/Server/temp/processing/split/job-1788812803104-34881202/test_1.pdf","timestamp":"2026-09-07T20:26:43.120Z"}
{"level":"info","message":"Starting PDF split for: test.pdf","ranges":"1;2-3","splitMode":"custom","timestamp":"2026-09-07T20:26:58.497Z"}
{"level":"info","message":"Successfully sent split PDF zip for: test.pdf","timestamp":"2026-09-07T20:26:58.520Z"}
{"level":"info","message":"Cleaned up file: /home/xettry/Desktop/Abiskar/temp/uploads/pdfFile-1788812818496-78711614.pdf","timestamp":"2026-09-07T20:26:58.522Z"}
{"level":"info","message":"Cleaned up file: /home/xettry/Desktop/Abiskar/Server/temp/processing/split/job-1788812818497-157936240/test_split.zip","timestamp":"2026-09-07T20:26:58.522Z"}
{"level":"info","message":"Cleaned up file: /home/xettry/Desktop/Abiskar/Server/temp/processing/split/job-1788812818497-157936240/test_1.pdf","timestamp":"2026-09-07T20:26:58.522Z"}
{"level":"info","message":"Cleaned up file: /home/xettry/Desktop/Abiskar/Server/temp/processing/split/job-1788812818497-157936240/test_2-3.pdf","timestamp":"2026-09-07T20:26:58.523Z"}
{"level":"info","message":"Starting PDF split for: test.pdf","ranges":"1-2;3","splitMode":"custom","timestamp":"2026-09-07T20:26:58.553Z"}
{"level":"info","message":"Successfully sent split PDF zip for: test.pdf","timestamp":"2026-09-07T20:26:58.607Z"}
{"level":"info","message":"Cleaned up file: /home/xettry/Desktop/Abiskar/temp/uploads/pdfFile-1788812818550-477297816.pdf","timestamp":"2026-09-07T20:26:58.614Z"}
{"level":"info","message":"Cleaned up file: /home/xettry/Desktop/Abiskar/Server/temp/processing/split/job-1788812818553-896056261/test_split.zip","timestamp":"2026-09-07T20:26:58.615Z"}
{"level":"info","message":"Cleaned up file: /home/xettry/Desktop/Abiskar/Server/temp/processing/split/job-1788812818553-896056261/test_1-2.pdf","timestamp":"2026-09-07T20:26:58.617Z"}
{"level":"info","message":"Cleaned up file: /home/xettry/Desktop/Abiskar/Server/temp/processing/split/job-1788812818553-896056261/test_3.pdf","timestamp":"2026-09-07T20:26:58.618Z"}
{"level":"warn","message":"404: /uploads/image-1787305791736-514789556.png - ::ffff:127.0.0.1","timestamp":"2026-09-07T20:58:52.302Z"}
{"level":"warn","message":"404: /uploads/image-1786427247773-514993692.png - ::ffff:127.0.0.1","timestamp":"2026-09-07T20:58:52.427Z"}
{"level":"warn","message":"404: /uploads/image-1785168215432-550106329.png - ::ffff:127.0.0.1","timestamp":"2026-09-07T20:58:52.434Z"}
{"level":"warn","message":"404: /uploads/image-1778582421560-364363914.png - ::ffff:127.0.0.1","timestamp":"2026-09-07T20:58:52.442Z"}
{"level":"warn","message":"404: /uploads/image-1777445360667-966456072.png - ::ffff:127.0.0.1","timestamp":"2026-09-07T20:58:52.446Z"}
{"level":"warn","message":"404: /uploads/image-1775443220735-580786834.png - ::ffff:127.0.0.1","timestamp":"2026-09-07T20:58:52.450Z"}
{"level":"warn","message":"404: /uploads/image-1774798596457-14286482.png - ::ffff:127.0.0.1","timestamp":"2026-09-07T20:58:52.460Z"}
{"level":"warn","message":"404: /uploads/image-1773114648824-127518334.png - ::ffff:127.0.0.1","timestamp":"2026-09-07T20:58:52.464Z"}
{"level":"warn","message":"404: /uploads/image-1772278036544-92361385.png - ::ffff:127.0.0.1","timestamp":"2026-09-07T20:58:52.478Z"}
{"level":"warn","message":"404: /uploads/image-1772463428283-888340120.png - ::ffff:127.0.0.1","timestamp":"2026-09-07T20:58:52.484Z"}
{"level":"warn","message":"404: /uploads/image-1772110169198-77333955.png - ::ffff:127.0.0.1","timestamp":"2026-09-07T21:01:36.053Z"}
{"level":"warn","message":"404: /uploads/image-1772023890012-102367009.png - ::ffff:127.0.0.1","timestamp":"2026-09-07T21:01:36.056Z"}
{"level":"warn","message":"404: /uploads/image-1787305791736-514789556.png - ::ffff:127.0.0.1","timestamp":"2026-09-07T21:02:10.384Z"}
{"level":"warn","message":"404: /uploads/image-1785168215432-550106329.png - ::ffff:127.0.0.1","timestamp":"2026-09-07T21:02:10.489Z"}
{"level":"warn","message":"404: /uploads/image-1778582421560-364363914.png - ::ffff:127.0.0.1","timestamp":"2026-09-07T21:02:10.491Z"}
{"level":"warn","message":"404: /uploads/image-1777445360667-966456072.png - ::ffff:127.0.0.1","timestamp":"2026-09-07T21:02:10.499Z"}
{"level":"warn","message":"404: /uploads/image-1786427247773-514993692.png - ::ffff:127.0.0.1","timestamp":"2026-09-07T21:02:10.500Z"}
{"level":"warn","message":"404: /uploads/image-1775443220735-580786834.png - ::ffff:127.0.0.1","timestamp":"2026-09-07T21:02:10.549Z"}
{"level":"warn","message":"404: /uploads/image-1773114648824-127518334.png - ::ffff:127.0.0.1","timestamp":"2026-09-07T21:02:10.619Z"}
{"level":"warn","message":"404: /uploads/image-1772463428283-888340120.png - ::ffff:127.0.0.1","timestamp":"2026-09-07T21:02:10.620Z"}
{"level":"warn","message":"404: /uploads/image-1774798596457-14286482.png - ::ffff:127.0.0.1","timestamp":"2026-09-07T21:02:10.624Z"}
{"level":"warn","message":"404: /uploads/image-1772278036544-92361385.png - ::ffff:127.0.0.1","timestamp":"2026-09-07T21:02:10.626Z"}
